Listing 'app'...
Listing 'app/adapters'...
Listing 'app/adapters/jsp'...
Listing 'app/adapters/nexacro'...
Listing 'app/adapters/react'...
Listing 'app/adapters/vue'...
Listing 'app/engine'...
Listing 'app/engine/analysis'...
Listing 'app/engine/backend'...
Listing 'app/io'...
Listing 'app/ui'...
Compiling 'app/ui/java_import_fixer.py'...
Listing 'app/ui/widgets'...
Listing 'app/validation'...
Listing 'execution_core'...
Compiling 'execution_core/config_loader.py'...
Compiling 'execution_core/context.py'...
Compiling 'execution_core/db_executor.py'...
Compiling 'execution_core/generator.py'...
Compiling 'execution_core/init.py'...
Compiling 'execution_core/logger.py'...
Compiling 'execution_core/ollama_client.py'...
Compiling 'execution_core/plan_validator.py'...
Listing 'execution_core/profiles'...
Compiling 'execution_core/profiles/__init__.py'...
Compiling 'execution_core/profiles/base.py'...
Compiling 'execution_core/profiles/egov_spring_jsp.py'...
Compiling 'execution_core/profiles/egov_spring_nexacro.py'...
Compiling 'execution_core/profiles/egov_spring_react.py'...
Compiling 'execution_core/profiles/egov_spring_vue.py'...
Compiling 'execution_core/run.py'...
